[
  {
    "alias": "general-text-speculator",
    "winner": {
      "key": "5b56ad4b1161459983704197a4aad4d86ccb015dd55cea1eb33a41f63fc0e555",
      "alias": "general-text-speculator",
      "profile": {
        "id": "vulkan-all",
        "args": [
          "--load-mode",
          "mmap",
          "--fit",
          "off",
          "--device",
          "Vulkan0",
          "--op-offload",
          "--threads",
          "4",
          "--threads-batch",
          "4",
          "--n-gpu-layers",
          "all",
          "--batch-size",
          "512",
          "--ubatch-size",
          "128",
          "--cache-type-k",
          "q8_0",
          "--cache-type-v",
          "q8_0"
        ]
      },
      "metrics": {
        "promptTps": 42.77,
        "generationTps": 3.93,
        "coldStartMs": 16065
      },
      "measured_at": "2026-08-28T17:18:38.177Z",
      "score": 28.899175000000003
    },
    "ranked": [
      {
        "key": "5b56ad4b1161459983704197a4aad4d86ccb015dd55cea1eb33a41f63fc0e555",
        "alias": "general-text-speculator",
        "profile": {
          "id": "vulkan-all",
          "args": [
            "--load-mode",
            "mmap",
            "--fit",
            "off",
            "--device",
            "Vulkan0",
            "--op-offload",
            "--threads",
            "4",
            "--threads-batch",
            "4",
            "--n-gpu-layers",
            "all",
            "--batch-size",
            "512",
            "--ubatch-size",
            "128",
            "--cache-type-k",
            "q8_0",
            "--cache-type-v",
            "q8_0"
          ]
        },
        "metrics": {
          "promptTps": 42.77,
          "generationTps": 3.93,
          "coldStartMs": 16065
        },
        "measured_at": "2026-08-28T17:18:38.177Z",
        "score": 28.899175000000003
      },
      {
        "key": "1b48fb04b3d09290991b5d332125325f00ae13138be750bff9a18d83d2d6d9d7",
        "alias": "general-text-speculator",
        "profile": {
          "id": "hybrid-12",
          "args": [
            "--load-mode",
            "mmap",
            "--fit",
            "off",
            "--device",
            "Vulkan0",
            "--op-offload",
            "--threads",
            "4",
            "--threads-batch",
            "4",
            "--n-gpu-layers",
            "12",
            "--batch-size",
            "512",
            "--ubatch-size",
            "128",
            "--cache-type-k",
            "q8_0",
            "--cache-type-v",
            "q8_0"
          ]
        },
        "metrics": {
          "promptTps": 29.4,
          "generationTps": 4.04,
          "coldStartMs": 11730
        },
        "measured_at": "2026-08-28T17:18:50.328Z",
        "score": 20.26335
      },
      {
        "key": "2773f56b7d6bfcb7f1621ec4d06362595dad06855d512334a16e0100e68361c6",
        "alias": "general-text-speculator",
        "profile": {
          "id": "cpu-4",
          "args": [
            "--load-mode",
            "mmap",
            "--fit",
            "off",
            "--device",
            "none",
            "--no-op-offload",
            "--threads",
            "4",
            "--threads-batch",
            "4",
            "--n-gpu-layers",
            "0",
            "--batch-size",
            "512",
            "--ubatch-size",
            "128",
            "--cache-type-k",
            "q8_0",
            "--cache-type-v",
            "q8_0"
          ]
        },
        "metrics": {
          "promptTps": 23.27,
          "generationTps": 7.85,
          "coldStartMs": 11765
        },
        "measured_at": "2026-08-28T17:19:02.486Z",
        "score": 17.421675
      }
    ]
  }
]
